// Jest Snapshot v1, https://goo.gl/fbAQLP

exports[`testing AppRouter should show the login if not authenticated 1`] = `
<div>
  <section
    class="authBody animate__animated animate__fadeIn animate__fast"
  >
    <div
      class="container login-container animate__animated animate__fadeIn animate__slower"
    >
      <div
        class="row d-flex justify-content-center"
      >
        <div
          class="col-md-6 login-form-1"
        >
          <h3>
            Ingreso
          </h3>
          <form>
            <div
              class="form-group mb-2"
            >
              <input
                autocomplete="off"
                class="form-control false"
                name="loginEmail"
                placeholder="Correo"
                type="email"
                value=""
              />
              <div
                class="invalid-feedback mb-2"
              >
                The email is invalid
              </div>
            </div>
            <div
              class="form-group mb-2"
            >
              <input
                autocomplete="off"
                class="form-control false"
                name="loginPassword"
                placeholder="ContraseÃ±a"
                type="password"
                value=""
              />
              <div
                class="invalid-feedback mb-2"
              >
                The name must be at least 5 characters long
              </div>
            </div>
            <div
              class="form-group mb-2 position-relative"
            >
              <button
                class="btn btn-primary rounded-4"
                type="submit"
                value="Login"
              >
                <span
                  class="fw-semibold fs-5"
                >
                  Login
                </span>
              </button>
            </div>
            <div
              class="mt-2 text-primary float-end"
            >
              <span>
                Don\`t have an account?
              </span>
              <a
                class="text-primary ms-1"
                href="/auth/register"
              >
                create one
              </a>
            </div>
          </form>
        </div>
      </div>
    </div>
  </section>
</div>
`;
